
> Tailor Master@0.1.0 build
> set REACT_APP_ENV=dev&& react-scripts build

Creating an optimized production build...
node.exe : Browserslist: caniuse-lite is outdated. Please run:
At C:\Program Files\nodejs\npm.ps1:29 char:3
+   & $NODE_EXE $NPM_CLI_JS $args
+   ~~~~~~~~~~~~~~~~~~~~~~~~~~~~~
    + CategoryInfo          : NotSpecified: (Browserslist: c...ed. Please run::String) [], RemoteE 
   xception
    + FullyQualifiedErrorId : NativeCommandError
 
  npx update-browserslist-db@latest
  Why you should do it regularly: https://github.com/browserslist/update-db#readme
Failed to compile.

Module not found: Error: Can't resolve '@mui/styles' in 'D:\tailer master\Tailor-Frontend\src\utils'


